// Vitest Snapshot v1, https://vitest.dev/guide/snapshot.html

exports[`CharacterLink > matches snapshot 1`] = `
<DocumentFragment>
  <div
    class="CharacterLink container"
  >
    <div
      class="row"
    >
      <div
        class="col"
      >
        <h3
          class="CharacterLink-name"
        >
          Beebo
        </h3>
      </div>
      <div
        class="col"
      >
        <h3>
          Level 3 Cleric
        </h3>
      </div>
    </div>
  </div>
</DocumentFragment>
`;
