// Vitest Snapshot v1, https://vitest.dev/guide/snapshot.html

exports[`SignupForm > matches snapshot 1`] = `
<DocumentFragment>
  <div
    class="Form container"
  >
    <div
      class="row"
    >
      <h1>
        Sign Up
      </h1>
    </div>
    <form
      class="Form-form"
    >
      <div
        class="Form-section-label row"
      >
        <div
          class="col"
        />
        <div
          class="col"
        >
          <label
            class="Form-label"
            for="username"
          >
            Username
          </label>
        </div>
        <div
          class="col"
        />
      </div>
      <div
        class="row"
      >
        <div
          class="col"
        />
        <div
          class="col"
        >
          <input
            class="Form-input"
            id="username"
            name="username"
            placeholder="Username"
            type="text"
            value=""
          />
        </div>
        <div
          class="col"
        />
      </div>
      <div
        class="Form-section-label row"
      >
        <div
          class="col"
        />
        <div
          class="col"
        >
          <label
            class="Form-label"
            for="password"
          >
            Password
          </label>
        </div>
        <div
          class="col"
        />
      </div>
      <div
        class="row"
      >
        <div
          class="col"
        />
        <div
          class="col"
        >
          <input
            class="Form-input"
            id="password"
            name="password"
            placeholder="Password"
            type="text"
            value=""
          />
        </div>
        <div
          class="col"
        />
      </div>
      <div
        class="Form-section-label row"
      >
        <div
          class="col"
        />
        <div
          class="col"
        >
          <label
            class="Form-label"
            for="username"
          >
            Email
          </label>
        </div>
        <div
          class="col"
        />
      </div>
      <div
        class="row"
      >
        <div
          class="col"
        />
        <div
          class="col"
        >
          <input
            class="SignupForm-input"
            id="email"
            name="email"
            placeholder="Email"
            type="email"
            value=""
          />
        </div>
        <div
          class="col"
        />
      </div>
      <div
        class="Form-section row"
      >
        <div
          class="col"
        />
        <div
          class="col"
        >
          <button>
            Sign Up
          </button>
        </div>
        <div
          class="col"
        />
      </div>
    </form>
  </div>
</DocumentFragment>
`;
