// Vitest Snapshot v1, https://vitest.dev/guide/snapshot.html

exports[`LogOut > matches snapshot 1`] = `<DocumentFragment />`;
