// Vitest Snapshot v1, https://vitest.dev/guide/snapshot.html

exports[` HomeLoggedIn > matches snapshot 1`] = `
<DocumentFragment>
  <div
    class="Home-login"
  >
    <h3>
      Welcome back, u1
    </h3>
  </div>
</DocumentFragment>
`;
