// Vitest Snapshot v1, https://vitest.dev/guide/snapshot.html

exports[`SpellLink > matches snapshot 1`] = `
<DocumentFragment>
  <div
    class="container"
  />
</DocumentFragment>
`;
