// Vitest Snapshot v1, https://vitest.dev/guide/snapshot.html

exports[`InfoWidget > matches snapshot 1`] = `
<DocumentFragment>
  <div
    class="Widget undefined container"
  />
</DocumentFragment>
`;
